# box.ping()
:pong

raise at src/log_io_recovery.m:393 not all WALs have been successfully read! greatest_lsn:2 lsn:1 diff:1
# box.insert([1, 2, 3])
1

no valid rows were read
