# master.ping()
:pong

# master.insert(["0", "a", "b", "c", "d"])
1

# master.select(["0"])
[["0", "a", "b", "c", "d"]]

# slave.select(["0"])
[["0", "a", "b", "c", "d"]]

# master.lua("user_proc.select", "0")
[["0", "a", "b", "c", "d"]]

# slave.lua("user_proc.select", "0")
[["0", "a", "b", "c", "d"]]

# master.lua("user_proc.update", "0", "2")
[["0", "a", "c", "d"]]

# slave.lua("user_proc.update", "0", "3")
Failed with: {code: 0x102, message: 'replica is readonly
stack traceback:
	[C]: in function '_dispatch'
	mod/box/src-lua/box.lua:78: in function 'update'
	box_init.lua:12: in function 'proc'
	mod/box/src-lua/box.lua:364: in function <mod/box/src-lua/box.lua:356>'}
# slave.lua("user_proc.error", "0")
Failed with: {code: 0x202, message: 'box_init.lua:17: fooo
stack traceback:
	[C]: in function 'error'
	box_init.lua:17: in function 'proc'
	mod/box/src-lua/box.lua:364: in function <mod/box/src-lua/box.lua:356>'}
