# box.insert(["foo"])
1

# box.insert(["bar"])
1

# box.select("foo", "bar")
[["foo"], ["bar"]]

F> exception: object_space 0 is not configured

# box.select("foo", "bar")
[["foo"], ["bar"]]

# box.insert(["baz"])
1

# box.create_index(1, {:type=>:FASTTREE, :unique=>1, :field_0=>{:type=>:STRING, :index=>0, :sort_order=>:DESC}})
Failed with: {code: 0x202, message: 'metadata updates are forbidden in legacy configuration mode'}
reloading config
ok

# box.create_index(1, {:type=>:FASTTREE, :unique=>1, :field_0=>{:type=>:STRING, :index=>0, :sort_order=>:DESC}})
""

# box.insert(["baf"])
1

# box.select("foo", "bar", "baz", "baf")
[["foo"], ["bar"], ["baz"], ["baf"]]

lsn:5 scn:5 t:sys/snap_initial 0.0.0.0:0 count:3 run_crc_log:0x3e239886 run_crc_mod:0x00000000
lsn:5 scn:5 t:snap/usr240 0.0.0.0:0 CREATE_OBJECT_SPACE n:0 flags:00000000 cardinalty:-1 snap:1 wal:1 PK: min_tuple_cardinality:1 cardinality:1 type:0 unique:1 field0:{index:0 type:7 sort:1}
lsn:5 scn:5 t:snap/snap_data 0.0.0.0:0 n:0 <"bar">
lsn:5 scn:5 t:snap/snap_data 0.0.0.0:0 n:0 <"baz">
lsn:5 scn:5 t:snap/snap_data 0.0.0.0:0 n:0 <"foo">
lsn:5 scn:5 t:snap/usr241 0.0.0.0:0 CREATE_INDEX n:0 flags:00000000 min_tuple_cardinality:1 cardinality:1 type:4 unique:1 field0:{index:0 type:7 sort:-1}
lsn:5 scn:5 t:sys/snap_final 0.0.0.0:0 
