# one.ping()
:pong

# two.ping()
:pong

# one.create_shard(1, :POR, "one", "three")
:success

# one.create_shard(2, :POR, "one", "two")
:success

# two.create_shard(3, :POR, "two", "three")
:success

# one.create_object_space(0, {:shard=>1, :index=>{:type=>:FASTTREE, :unique=>1, :field_0=>{:type=>:STRING, :index=>0, :sort_order=>:DESC}}})
:success

# one.insert([1, "one"], {:shard=>1})
1

# one.create_object_space(0, {:shard=>2, :index=>{:type=>:FASTTREE, :unique=>1, :field_0=>{:type=>:STRING, :index=>0, :sort_order=>:DESC}}})
:success

# one.insert([1, "one"], {:shard=>2})
1

# one.create_object_space(0, {:shard=>3, :index=>{:type=>:FASTTREE, :unique=>1, :field_0=>{:type=>:STRING, :index=>0, :sort_order=>:DESC}}})
:success

# one.insert([1, "one"], {:shard=>3})
1

# box.ping()
:pong

# box.select(1, {:shard=>1})
[["\x01\x00\x00\x00", "one"]]

# box.select(1, {:shard=>3})
[["\x01\x00\x00\x00", "one"]]

